Report time       : Sat Nov  6 09:45:19     2021.
Solution          : VIP.
Simulation tool   : xsim.

+----------+----------+-----------------------------------------------+-----------------------------------------------+
|          |          |                    Latency                    |                    Interval                   |
+   RTL    +  Status  +-----------------------------------------------+-----------------------------------------------+
|          |          |      min      |      avg      |      max      |      min      |      avg      |      max      |
+----------+----------+-----------------------------------------------+-----------------------------------------------+
|      VHDL|        NA|             NA|             NA|             NA|             NA|             NA|             NA|
|   Verilog|      Pass|        2389702|        2389702|        2389703|        2389702|        2389702|        2389702|
+----------+----------+-----------------------------------------------+-----------------------------------------------+
