

================================================================
== Vivado HLS Report for 'AXIvideo2Mat2'
================================================================
* Date:           Sat Nov  6 09:15:21 2021

* Version:        2019.1 (Build 2552052 on Fri May 24 15:28:33 MDT 2019)
* Project:        VIP
* Solution:       VIP
* Product family: kintex7
* Target device:  xc7k325t-ffg900-2


================================================================
== Performance Estimates
================================================================
+ Timing (ns): 
    * Summary: 
    +--------+-------+----------+------------+
    |  Clock | Target| Estimated| Uncertainty|
    +--------+-------+----------+------------+
    |ap_clk  |  10.00|     2.468|        1.25|
    +--------+-------+----------+------------+

+ Latency (clock cycles): 
    * Summary: 
    +-----+-----+-----+-----+---------+
    |  Latency  |  Interval | Pipeline|
    | min | max | min | max |   Type  |
    +-----+-----+-----+-----+---------+
    |  645|  646|  645|  646|   none  |
    +-----+-----+-----+-----+---------+

    + Detail: 
        * Instance: 
        N/A

        * Loop: 
        +-----------------------+-----+-----+----------+-----------+-----------+------+----------+
        |                       |  Latency  | Iteration|  Initiation Interval  | Trip |          |
        |       Loop Name       | min | max |  Latency |  achieved |   target  | Count| Pipelined|
        +-----------------------+-----+-----+----------+-----------+-----------+------+----------+
        |- loop_wait_for_start  |    0|    0|         1|          1|          1|     0|    yes   |
        |- loop_width           |  640|  640|         2|          1|          1|   640|    yes   |
        |- loop_wait_for_eol    |    0|    0|         1|          1|          1|     0|    yes   |
        +-----------------------+-----+-----+----------+-----------+-----------+------+----------+



================================================================
== Utilization Estimates
================================================================
* Summary: 
+-----------------+---------+-------+--------+--------+-----+
|       Name      | BRAM_18K| DSP48E|   FF   |   LUT  | URAM|
+-----------------+---------+-------+--------+--------+-----+
|DSP              |        -|      -|       -|       -|    -|
|Expression       |        -|      -|       0|      95|    -|
|FIFO             |        -|      -|       -|       -|    -|
|Instance         |        -|      -|       -|       -|    -|
|Memory           |        -|      -|       -|       -|    -|
|Multiplexer      |        -|      -|       -|     269|    -|
|Register         |        -|      -|     166|       -|    -|
+-----------------+---------+-------+--------+--------+-----+
|Total            |        0|      0|     166|     364|    0|
+-----------------+---------+-------+--------+--------+-----+
|Available        |      890|    840|  407600|  203800|    0|
+-----------------+---------+-------+--------+--------+-----+
|Utilization (%)  |        0|      0|   ~0   |   ~0   |    0|
+-----------------+---------+-------+--------+--------+-----+

+ Detail: 
    * Instance: 
    N/A

    * DSP48E: 
    N/A

    * Memory: 
    N/A

    * FIFO: 
    N/A

    * Expression: 
    +------------------------------------------+----------+-------+---+----+------------+------------+
    |               Variable Name              | Operation| DSP48E| FF| LUT| Bitwidth P0| Bitwidth P1|
    +------------------------------------------+----------+-------+---+----+------------+------------+
    |j_V_fu_273_p2                             |     +    |      0|  0|  17|          10|           1|
    |AXI_video_strm_V_data_V_0_load_A          |    and   |      0|  0|   2|           1|           1|
    |AXI_video_strm_V_data_V_0_load_B          |    and   |      0|  0|   2|           1|           1|
    |AXI_video_strm_V_last_V_0_load_A          |    and   |      0|  0|   2|           1|           1|
    |AXI_video_strm_V_last_V_0_load_B          |    and   |      0|  0|   2|           1|           1|
    |AXI_video_strm_V_user_V_0_load_A          |    and   |      0|  0|   2|           1|           1|
    |AXI_video_strm_V_user_V_0_load_B          |    and   |      0|  0|   2|           1|           1|
    |ap_block_state4_pp1_stage0_iter0          |    and   |      0|  0|   2|           1|           1|
    |ap_block_state7                           |    and   |      0|  0|   2|           1|           1|
    |ap_predicate_op47_read_state4             |    and   |      0|  0|   2|           1|           1|
    |AXI_video_strm_V_data_V_0_state_cmp_full  |   icmp   |      0|  0|   8|           2|           1|
    |AXI_video_strm_V_last_V_0_state_cmp_full  |   icmp   |      0|  0|   8|           2|           1|
    |AXI_video_strm_V_user_V_0_state_cmp_full  |   icmp   |      0|  0|   8|           2|           1|
    |icmp_ln207_fu_247_p2                      |   icmp   |      0|  0|  13|           9|           1|
    |icmp_ln219_fu_267_p2                      |   icmp   |      0|  0|  13|          10|          10|
    |ap_block_pp1_stage0_01001                 |    or    |      0|  0|   2|           1|           1|
    |ap_block_state5_pp1_stage0_iter1          |    or    |      0|  0|   2|           1|           1|
    |or_ln222_fu_279_p2                        |    or    |      0|  0|   2|           1|           1|
    |ap_enable_pp1                             |    xor   |      0|  0|   2|           1|           2|
    |ap_enable_reg_pp1_iter1                   |    xor   |      0|  0|   2|           2|           1|
    +------------------------------------------+----------+-------+---+----+------------+------------+
    |Total                                     |          |      0|  0|  95|          50|          30|
    +------------------------------------------+----------+-------+---+----+------------+------------+

    * Multiplexer: 
    +-------------------------------------+----+-----------+-----+-----------+
    |                 Name                | LUT| Input Size| Bits| Total Bits|
    +-------------------------------------+----+-----------+-----+-----------+
    |AXI_video_strm_V_data_V_0_data_out   |   9|          2|   24|         48|
    |AXI_video_strm_V_data_V_0_state      |  13|          3|    2|          6|
    |AXI_video_strm_V_dest_V_0_state      |  13|          3|    2|          6|
    |AXI_video_strm_V_last_V_0_data_out   |   9|          2|    1|          2|
    |AXI_video_strm_V_last_V_0_state      |  13|          3|    2|          6|
    |AXI_video_strm_V_user_V_0_data_out   |   9|          2|    1|          2|
    |AXI_video_strm_V_user_V_0_state      |  13|          3|    2|          6|
    |ap_NS_fsm                            |  33|          8|    1|          8|
    |ap_enable_reg_pp1_iter1              |  13|          3|    1|          3|
    |ap_phi_mux_axi_0_1_ph_phi_fu_183_p4  |   9|          2|   24|         48|
    |ap_phi_mux_eol_0_phi_fu_217_p4       |   9|          2|    1|          2|
    |ap_phi_mux_eol_ph_phi_fu_172_p4      |   9|          2|    1|          2|
    |ap_phi_mux_sof_1_ph_phi_fu_160_p4    |   9|          2|    1|          2|
    |ap_phi_mux_sof_1_phi_fu_193_p4       |   9|          2|    1|          2|
    |eol_0_reg_213                        |   9|          2|    1|          2|
    |eol_2_reg_225                        |   9|          2|    1|          2|
    |eol_fu_102                           |   9|          2|    1|          2|
    |img_data_stream_0_V_blk_n            |   9|          2|    1|          2|
    |img_data_stream_1_V_blk_n            |   9|          2|    1|          2|
    |img_data_stream_2_V_blk_n            |   9|          2|    1|          2|
    |p_Val2_s_fu_98                       |   9|          2|   24|         48|
    |sof_1_ph_reg_157                     |   9|          2|    1|          2|
    |sof_1_reg_190                        |   9|          2|    1|          2|
    |src_axi0_TDATA_blk_n                 |   9|          2|    1|          2|
    |t_V_reg_202                          |   9|          2|   10|         20|
    +-------------------------------------+----+-----------+-----+-----------+
    |Total                                | 269|         61|  107|        229|
    +-------------------------------------+----+-----------+-----+-----------+

    * Register: 
    +-------------------------------------+----+----+-----+-----------+
    |                 Name                | FF | LUT| Bits| Const Bits|
    +-------------------------------------+----+----+-----+-----------+
    |AXI_video_strm_V_data_V_0_payload_A  |  24|   0|   24|          0|
    |AXI_video_strm_V_data_V_0_payload_B  |  24|   0|   24|          0|
    |AXI_video_strm_V_data_V_0_sel_rd     |   1|   0|    1|          0|
    |AXI_video_strm_V_data_V_0_sel_wr     |   1|   0|    1|          0|
    |AXI_video_strm_V_data_V_0_state      |   2|   0|    2|          0|
    |AXI_video_strm_V_dest_V_0_state      |   2|   0|    2|          0|
    |AXI_video_strm_V_last_V_0_payload_A  |   1|   0|    1|          0|
    |AXI_video_strm_V_last_V_0_payload_B  |   1|   0|    1|          0|
    |AXI_video_strm_V_last_V_0_sel_rd     |   1|   0|    1|          0|
    |AXI_video_strm_V_last_V_0_sel_wr     |   1|   0|    1|          0|
    |AXI_video_strm_V_last_V_0_state      |   2|   0|    2|          0|
    |AXI_video_strm_V_user_V_0_payload_A  |   1|   0|    1|          0|
    |AXI_video_strm_V_user_V_0_payload_B  |   1|   0|    1|          0|
    |AXI_video_strm_V_user_V_0_sel_rd     |   1|   0|    1|          0|
    |AXI_video_strm_V_user_V_0_sel_wr     |   1|   0|    1|          0|
    |AXI_video_strm_V_user_V_0_state      |   2|   0|    2|          0|
    |ap_CS_fsm                            |   7|   0|    7|          0|
    |ap_enable_reg_pp1_iter0              |   1|   0|    1|          0|
    |ap_enable_reg_pp1_iter1              |   1|   0|    1|          0|
    |axi_0_1_ph_reg_179                   |  24|   0|   24|          0|
    |eol_0_reg_213                        |   1|   0|    1|          0|
    |eol_2_reg_225                        |   1|   0|    1|          0|
    |eol_fu_102                           |   1|   0|    1|          0|
    |eol_ph_reg_168                       |   1|   0|    1|          0|
    |icmp_ln207_reg_333                   |   1|   0|    1|          0|
    |icmp_ln219_reg_364                   |   1|   0|    1|          0|
    |p_Val2_s_fu_98                       |  24|   0|   24|          0|
    |sof_1_ph_reg_157                     |   1|   0|    1|          0|
    |sof_1_reg_190                        |   1|   0|    1|          0|
    |t_V_reg_202                          |  10|   0|   10|          0|
    |tmp_data_V_reg_337                   |  24|   0|   24|          0|
    |tmp_last_V_reg_345                   |   1|   0|    1|          0|
    +-------------------------------------+----+----+-----+-----------+
    |Total                                | 166|   0|  166|          0|
    +-------------------------------------+----+----+-----+-----------+



================================================================
== Interface
================================================================
* Summary: 
+----------------------------+-----+-----+------------+-------------------------+--------------+
|          RTL Ports         | Dir | Bits|  Protocol  |      Source Object      |    C Type    |
+----------------------------+-----+-----+------------+-------------------------+--------------+
|ap_clk                      |  in |    1| ap_ctrl_hs |      AXIvideo2Mat2      | return value |
|ap_rst                      |  in |    1| ap_ctrl_hs |      AXIvideo2Mat2      | return value |
|ap_start                    |  in |    1| ap_ctrl_hs |      AXIvideo2Mat2      | return value |
|ap_done                     | out |    1| ap_ctrl_hs |      AXIvideo2Mat2      | return value |
|ap_idle                     | out |    1| ap_ctrl_hs |      AXIvideo2Mat2      | return value |
|ap_ready                    | out |    1| ap_ctrl_hs |      AXIvideo2Mat2      | return value |
|ap_return                   | out |    1| ap_ctrl_hs |      AXIvideo2Mat2      | return value |
|src_axi0_TDATA              |  in |   24|    axis    | AXI_video_strm_V_data_V |    pointer   |
|src_axi0_TVALID             |  in |    1|    axis    | AXI_video_strm_V_dest_V |    pointer   |
|src_axi0_TREADY             | out |    1|    axis    | AXI_video_strm_V_dest_V |    pointer   |
|src_axi0_TDEST              |  in |    1|    axis    | AXI_video_strm_V_dest_V |    pointer   |
|src_axi0_TKEEP              |  in |    3|    axis    | AXI_video_strm_V_keep_V |    pointer   |
|src_axi0_TSTRB              |  in |    3|    axis    | AXI_video_strm_V_strb_V |    pointer   |
|src_axi0_TUSER              |  in |    1|    axis    | AXI_video_strm_V_user_V |    pointer   |
|src_axi0_TLAST              |  in |    1|    axis    | AXI_video_strm_V_last_V |    pointer   |
|src_axi0_TID                |  in |    1|    axis    |  AXI_video_strm_V_id_V  |    pointer   |
|img_data_stream_0_V_din     | out |    8|   ap_fifo  |   img_data_stream_0_V   |    pointer   |
|img_data_stream_0_V_full_n  |  in |    1|   ap_fifo  |   img_data_stream_0_V   |    pointer   |
|img_data_stream_0_V_write   | out |    1|   ap_fifo  |   img_data_stream_0_V   |    pointer   |
|img_data_stream_1_V_din     | out |    8|   ap_fifo  |   img_data_stream_1_V   |    pointer   |
|img_data_stream_1_V_full_n  |  in |    1|   ap_fifo  |   img_data_stream_1_V   |    pointer   |
|img_data_stream_1_V_write   | out |    1|   ap_fifo  |   img_data_stream_1_V   |    pointer   |
|img_data_stream_2_V_din     | out |    8|   ap_fifo  |   img_data_stream_2_V   |    pointer   |
|img_data_stream_2_V_full_n  |  in |    1|   ap_fifo  |   img_data_stream_2_V   |    pointer   |
|img_data_stream_2_V_write   | out |    1|   ap_fifo  |   img_data_stream_2_V   |    pointer   |
|p_row                       |  in |   11|   ap_none  |          p_row          |    scalar    |
|sof_read                    |  in |    1|   ap_none  |         sof_read        |    scalar    |
+----------------------------+-----+-----+------------+-------------------------+--------------+

